RAM Allocation [bytes]
Variable                                                                          Address   Size
------------------------------------------------------------------------------------------------
numbers                                                                           0x0160      10
digits                                                                            0x016A       8
D4                                                                                0x0172       2

EEPROM Allocation [bytes]
Variable                                                                          Address   Size
------------------------------------------------------------------------------------------------

Register Allocation
Variable                                                                          Register  Size
------------------------------------------------------------------------------------------------
count                                                                             R4,R5        2
counter                                                                           R6,R7        2
D1                                                                                R8,R9        2
D2                                                                                R10,R11      2
D3                                                                                R12,R13      2

FLASH Allocation [words]
Function                                                                          Address   Size
------------------------------------------------------------------------------------------------
timer0_ovf_isr                                                                    0x0006B    117
timer1_ovf_isr                                                                    0x000E0     24
main                                                                              0x000F8     26

FLASH Allocation [words]
Function                                                                          Address   Size
------------------------------------------------------------------------------------------------
timer0_ovf_isr                                                                    0x0006B    117
timer1_ovf_isr                                                                    0x000E0     24
main                                                                              0x000F8     26

FLASH Allocation [words]
Function                                                                          Address   Size
------------------------------------------------------------------------------------------------
timer0_ovf_isr                                                                    0x0006B    117
timer1_ovf_isr                                                                    0x000E0     24
main                                                                              0x000F8     26
