RAM Allocation [bytes]
Variable                                                                          Address   Size
------------------------------------------------------------------------------------------------
frequency                                                                         0x016C       4
str                                                                               0x0170      16
_base_y                                                                           0x0180       4
_lcd_maxx                                                                         0x0184       1

EEPROM Allocation [bytes]
Variable                                                                          Address   Size
------------------------------------------------------------------------------------------------

Register Allocation
Variable                                                                          Register  Size
------------------------------------------------------------------------------------------------
start_time                                                                        R4,R5        2
stop_time                                                                         R6,R7        2
start_f_time                                                                      R8,R9        2
period                                                                            R10,R11      2
_lcd_x                                                                            R13          1
_lcd_y                                                                            R12          1

FLASH Allocation [words]
Function                                                                          Address   Size
------------------------------------------------------------------------------------------------
main                                                                              0x00072    132
put_buff_G100                                                                     0x000F6     64
_print_G100                                                                       0x00136    308
sprintf                                                                           0x0026A     52
_lcd_write_nibble_G101                                                            0x0029E     20
_lcd_write_data                                                                   0x002B2     12
lcd_gotoxy                                                                        0x002BE     13
lcd_clear                                                                         0x002CB     12
lcd_putchar                                                                       0x002D7     23
lcd_puts                                                                          0x002EE     17
lcd_init                                                                          0x002FF     47
strlen                                                                            0x0032E     12
strlenf                                                                           0x0033A     13
